// Jest Snapshot v1, https://goo.gl/fbAQLP

exports[`CardContainer should match snapshot with all data passed in 1`] = `
<div
  className="card-container"
>
  <div>
    <Card
      correctGuesses={[Function]}
      displayMessage={[Function]}
      setToLocalStorage={[Function]}
    />
  </div>
  <div
    className="guess-message"
  />
</div>
`;
